---
source: crates/aes_compiler/src/export.rs
expression: schema
---
Schema {
    types: [
        TypeDefinition {
            name: "user",
            relations: [],
            permissions: [],
        },
        TypeDefinition {
            name: "doc",
            relations: [
                Relation {
                    name: "owner",
                    actors: [
                        ActorType {
                            actor: Some(
                                Direct(
                                    "user",
                                ),
                            ),
                        },
                    ],
                },
            ],
            permissions: [],
        },
    ],
}
