---
source: crates/aes_semantic/src/verify.rs
expression: "aes_testing::render_diagnostics(source, &reporter.diagnostics)"
---
aes::semantic(type_ref_in_permission)

  × type reference not allowed in `def` body
   ╭─[test.aes:6:14]
 5 │ type user {
 6 │   def read = group::member;
   ·              ──┬──
   ·                ╰── bare type names are not valid here
 7 │ }
   ╰────
  help: `def` defines computed permissions using `.relation` or `.relation.permission` — use `let` to declare which types can be assigned to a relation
