---
source: crates/aes_parser/src/parser/tests.rs
expression: r.ast
---
Ast {
    types: TypeDefPool {
        span: [
            Span {
                start: 0,
                size: 55,
            },
        ],
        name: [
            Span {
                start: 5,
                size: 4,
            },
        ],
        lets: [
            Range {
                start: Id {
                    index: 0,
                },
                end: Id {
                    index: 0,
                },
            },
        ],
        defs: [
            Range {
                start: Id {
                    index: 0,
                },
                end: Id {
                    index: 1,
                },
            },
        ],
    },
    lets: LetMemberPool {
        span: [],
        name: [],
        expr: [],
    },
    defs: DefMemberPool {
        span: [
            Span {
                start: 12,
                size: 41,
            },
        ],
        name: [
            Span {
                start: 16,
                size: 4,
            },
        ],
        expr: [
            Id {
                index: 2,
            },
        ],
    },
    exprs: ExprPool {
        span: [
            Span {
                start: 23,
                size: 7,
            },
            Span {
                start: 33,
                size: 19,
            },
            Span {
                start: 23,
                size: 29,
            },
        ],
        term: [
            SelfRef(
                Span {
                    start: 24,
                    size: 6,
                },
            ),
            Traversal {
                relation: Span {
                    start: 34,
                    size: 12,
                },
                permission: Span {
                    start: 47,
                    size: 5,
                },
            },
            Binary {
                op: Union,
                lhs: Id {
                    index: 0,
                },
                rhs: Id {
                    index: 1,
                },
            },
        ],
    },
    tests: TestDefPool {
        span: [],
        name: [],
        relations: [],
        asserts: [],
    },
    relations: RelationPool {
        span: [],
        resource: [],
        relation: [],
        subject: [],
    },
    subjects: SubjectPool {
        span: [],
        instance: [],
        permission: [],
    },
    asserts: AssertPool {
        span: [],
        kind: [],
        resource: [],
        permission: [],
        actor: [],
    },
}
