---
source: crates/aes_parser/src/parser/tests.rs
expression: r.ast
---
Ast {
    types: TypeDefPool {
        span: [],
        name: [],
        lets: [],
        defs: [],
    },
    lets: LetMemberPool {
        span: [],
        name: [],
        expr: [],
    },
    defs: DefMemberPool {
        span: [],
        name: [],
        expr: [],
    },
    exprs: ExprPool {
        span: [],
        term: [],
    },
    tests: TestDefPool {
        span: [
            Span {
                start: 0,
                size: 198,
            },
        ],
        name: [
            Span {
                start: 5,
                size: 3,
            },
        ],
        relations: [
            Range {
                start: Id {
                    index: 0,
                },
                end: Id {
                    index: 2,
                },
            },
        ],
        asserts: [
            Range {
                start: Id {
                    index: 0,
                },
                end: Id {
                    index: 0,
                },
            },
        ],
    },
    relations: RelationPool {
        span: [
            Span {
                start: 96,
                size: 17,
            },
            Span {
                start: 139,
                size: 18,
            },
        ],
        resource: [
            Instance {
                ty: Span {
                    start: 59,
                    size: 3,
                },
                ident: Span {
                    start: 63,
                    size: 3,
                },
            },
            Instance {
                ty: Span {
                    start: 59,
                    size: 3,
                },
                ident: Span {
                    start: 63,
                    size: 3,
                },
            },
        ],
        relation: [
            Span {
                start: 96,
                size: 5,
            },
            Span {
                start: 139,
                size: 6,
            },
        ],
        subject: [
            Id {
                index: 0,
            },
            Id {
                index: 1,
            },
        ],
    },
    subjects: SubjectPool {
        span: [
            Span {
                start: 103,
                size: 9,
            },
            Span {
                start: 147,
                size: 9,
            },
        ],
        instance: [
            Instance {
                ty: Span {
                    start: 103,
                    size: 4,
                },
                ident: Span {
                    start: 108,
                    size: 3,
                },
            },
            Instance {
                ty: Span {
                    start: 147,
                    size: 4,
                },
                ident: Span {
                    start: 152,
                    size: 3,
                },
            },
        ],
        permission: [
            None,
            None,
        ],
    },
    asserts: AssertPool {
        span: [],
        kind: [],
        resource: [],
        permission: [],
        actor: [],
    },
}
