---
source: crates/aes_parser/src/parser/tests.rs
expression: "aes_testing::render_diagnostics(source, &reporter.diagnostics)"
---
aes::parser(missing_relations_block)

  × expected 'relations' block, found 'assert'
   ╭─[test.aes:2:3]
 1 │ test "t" {
 2 │   assert( org("a").x( user("b") ) );
   ·   ───┬──
   ·      ╰── expected 'relations' keyword here
 3 │ }
   ╰────
  help: a test must begin with `relations { ... }` before any assertions

---

aes::parser(unclosed_delimiter)

  × unclosed '{'
   ╭─[test.aes:1:10]
 1 │ test "t" {
   ·          ┬
   ·          ╰── opening '{' here
 2 │   assert( org("a").x( user("b") ) );
   ·   ───┬──
   ·      ╰── expected matching close for '{'
 3 │ }
   ╰────

---

aes::parser(unexpected_token)

  × unexpected 'assert'
   ╭─[test.aes:2:3]
 1 │ test "t" {
 2 │   assert( org("a").x( user("b") ) );
   ·   ───┬──
   ·      ╰── not expected here
 3 │ }
   ╰────
