---
source: crates/aes_parser/src/parser/tests.rs
expression: "render_diagnostics(source, &r.errors)"
---
aes::parser(missing_semicolon)

  × missing semicolon
   ╭─[test.aes:1:18]
 1 │ type t { let x = user let y = team; }
   ·                  ──┬─
   ·                    ╰── expected ';' after this
   ╰────
